<svg xmlns='http://www.w3.org/2000/svg' width='800' height='800'>
<line stroke='#E0E0E0' x1='0' y1='50' x2='500' y2='50'/>
<text style='font-size: 24px; background-color: blue' x='0' y='50'>X -- None</text>
<line stroke='#E0E0E0' x1='0' y1='100' x2='500' y2='100'/>
<text style='font-size: 24px; background-color: blue' x='0' y='100' alignment-baseline='after-edge'>X -- after-edge</text>
<line stroke='#E0E0E0' x1='0' y1='150' x2='500' y2='150'/>
<text style='font-size: 24px; background-color: blue' x='0' y='150' alignment-baseline='alphabetic'>X -- alphabetic</text>
<line stroke='#E0E0E0' x1='0' y1='200' x2='500' y2='200'/>
<text style='font-size: 24px; background-color: blue' x='0' y='200' alignment-baseline='auto'>X -- auto</text>
<line stroke='#E0E0E0' x1='0' y1='250' x2='500' y2='250'/>
<text style='font-size: 24px; background-color: blue' x='0' y='250' alignment-baseline='baseline'>X -- baseline</text>
<line stroke='#E0E0E0' x1='0' y1='300' x2='500' y2='300'/>
<text style='font-size: 24px; background-color: blue' x='0' y='300' alignment-baseline='before-edge'>X -- before-edge</text>
<line stroke='#E0E0E0' x1='0' y1='350' x2='500' y2='350'/>
<text style='font-size: 24px; background-color: blue' x='0' y='350' alignment-baseline='central'>X -- central</text>
<line stroke='#E0E0E0' x1='0' y1='400' x2='500' y2='400'/>
<text style='font-size: 24px; background-color: blue' x='0' y='400' alignment-baseline='hanging'>X -- hanging</text>
<line stroke='#E0E0E0' x1='0' y1='450' x2='500' y2='450'/>
<text style='font-size: 24px; background-color: blue' x='0' y='450' alignment-baseline='ideographic'>X -- ideographic</text>
<line stroke='#E0E0E0' x1='0' y1='500' x2='500' y2='500'/>
<text style='font-size: 24px; background-color: blue' x='0' y='500' alignment-baseline='inherit'>X -- inherit</text>
<line stroke='#E0E0E0' x1='0' y1='550' x2='500' y2='550'/>
<text style='font-size: 24px; background-color: blue' x='0' y='550' alignment-baseline='mathematical'>X -- mathematical</text>
<line stroke='#E0E0E0' x1='0' y1='600' x2='500' y2='600'/>
<text style='font-size: 24px; background-color: blue' x='0' y='600' alignment-baseline='middle'>X -- middle</text>
<line stroke='#E0E0E0' x1='0' y1='650' x2='500' y2='650'/>
<text style='font-size: 24px; background-color: blue' x='0' y='650' alignment-baseline='text-after-edge'>X -- text-after-edge</text>
<line stroke='#E0E0E0' x1='0' y1='700' x2='500' y2='700'/>
<text style='font-size: 24px; background-color: blue' x='0' y='700' alignment-baseline='text-before-edge'>X -- text-before-edge</text>
</svg>
