<svg xmlns='http://www.w3.org/2000/svg' width='512' height='512'>
<g class='grid' stroke='#E0E0E0' fill='white' stroke-width='0.5'>
<line x1='16' y1='0.0' x2='16' y2='512'/>
<line x1='32' y1='0.0' x2='32' y2='512'/>
<line x1='48' y1='0.0' x2='48' y2='512'/>
<line x1='64' y1='0.0' x2='64' y2='512'/>
<line x1='80' y1='0.0' x2='80' y2='512'/>
<line x1='96' y1='0.0' x2='96' y2='512'/>
<line x1='112' y1='0.0' x2='112' y2='512'/>
<line x1='128' y1='0.0' x2='128' y2='512'/>
<line x1='144' y1='0.0' x2='144' y2='512'/>
<line x1='160' y1='0.0' x2='160' y2='512'/>
<line x1='176' y1='0.0' x2='176' y2='512'/>
<line x1='192' y1='0.0' x2='192' y2='512'/>
<line x1='208' y1='0.0' x2='208' y2='512'/>
<line x1='224' y1='0.0' x2='224' y2='512'/>
<line x1='240' y1='0.0' x2='240' y2='512'/>
<line x1='256' y1='0.0' x2='256' y2='512'/>
<line x1='272' y1='0.0' x2='272' y2='512'/>
<line x1='288' y1='0.0' x2='288' y2='512'/>
<line x1='304' y1='0.0' x2='304' y2='512'/>
<line x1='320' y1='0.0' x2='320' y2='512'/>
<line x1='336' y1='0.0' x2='336' y2='512'/>
<line x1='352' y1='0.0' x2='352' y2='512'/>
<line x1='368' y1='0.0' x2='368' y2='512'/>
<line x1='384' y1='0.0' x2='384' y2='512'/>
<line x1='400' y1='0.0' x2='400' y2='512'/>
<line x1='416' y1='0.0' x2='416' y2='512'/>
<line x1='432' y1='0.0' x2='432' y2='512'/>
<line x1='448' y1='0.0' x2='448' y2='512'/>
<line x1='464' y1='0.0' x2='464' y2='512'/>
<line x1='480' y1='0.0' x2='480' y2='512'/>
<line x1='496' y1='0.0' x2='496' y2='512'/>
<line x1='0.0' y1='16' x2='512' y2='16'/>
<line x1='0.0' y1='32' x2='512' y2='32'/>
<line x1='0.0' y1='48' x2='512' y2='48'/>
<line x1='0.0' y1='64' x2='512' y2='64'/>
<line x1='0.0' y1='80' x2='512' y2='80'/>
<line x1='0.0' y1='96' x2='512' y2='96'/>
<line x1='0.0' y1='112' x2='512' y2='112'/>
<line x1='0.0' y1='128' x2='512' y2='128'/>
<line x1='0.0' y1='144' x2='512' y2='144'/>
<line x1='0.0' y1='160' x2='512' y2='160'/>
<line x1='0.0' y1='176' x2='512' y2='176'/>
<line x1='0.0' y1='192' x2='512' y2='192'/>
<line x1='0.0' y1='208' x2='512' y2='208'/>
<line x1='0.0' y1='224' x2='512' y2='224'/>
<line x1='0.0' y1='240' x2='512' y2='240'/>
<line x1='0.0' y1='256' x2='512' y2='256'/>
<line x1='0.0' y1='272' x2='512' y2='272'/>
<line x1='0.0' y1='288' x2='512' y2='288'/>
<line x1='0.0' y1='304' x2='512' y2='304'/>
<line x1='0.0' y1='320' x2='512' y2='320'/>
<line x1='0.0' y1='336' x2='512' y2='336'/>
<line x1='0.0' y1='352' x2='512' y2='352'/>
<line x1='0.0' y1='368' x2='512' y2='368'/>
<line x1='0.0' y1='384' x2='512' y2='384'/>
<line x1='0.0' y1='400' x2='512' y2='400'/>
<line x1='0.0' y1='416' x2='512' y2='416'/>
<line x1='0.0' y1='432' x2='512' y2='432'/>
<line x1='0.0' y1='448' x2='512' y2='448'/>
<line x1='0.0' y1='464' x2='512' y2='464'/>
<line x1='0.0' y1='480' x2='512' y2='480'/>
<line x1='0.0' y1='496' x2='512' y2='496'/>
<rect class='grid-border' fill='none' x='0.0' y='0.0' width='512' height='512'/>
</g>
<g transform='translate(0,0)'>
<rect x='0' y='0' width='64' height='32' rx='8' ry='8'><title>rect0: radius=8</title></rect>
<rect stroke='gray' fill='white' x='80' y='0' width='64' height='32' rx='16' ry='8'><title>rect1: radius=(16, 8)</title></rect>
</g>
<g transform='translate(0,48)'>
<circle cx='16' cy='16' r='16'><title>circle0</title></circle>
<circle stroke='gray' fill='white' cx='64' cy='16' r='16'><title>circle1</title></circle>
</g>
<g transform='translate(0,96)'>
<line stroke='black' x1='0' y1='0' x2='32' y2='32'><title>line0</title></line>
<line stroke='black' x1='32' y1='0' x2='64' y2='32'><title>line1</title></line>
</g>
<g transform='translate(0,144)'><path stroke='black' fill='none' d='M0,0 L32,32 l32,-32'><title>path0</title></path></g>
<g transform='translate(0,192)'><polyline stroke='black' fill='none' points='0,0 32,32 64,0'><title>polyline0</title></polyline></g>
<text x='0' y='240'>TEXT</text>
<image href='data:image/png;base64,R0lGODdhBAAEAIAAAAAAAP///yH5BAQAAAAALAAAAAAEAAQAAAIFRHxnuAUAOw==' x='0' y='256' width='16' height='16'><title>image0</title></image>
<image href='data:image/png;base64,R0lGODdhBAAEAIAAAAAAAP///yH5BAQAAAAALAAAAAAEAAQAAAIFRHxnuAUAOw==' x='32' y='256' width='32' height='32'><title>image1</title></image>
<g transform='translate(0,304)'>
<symbol id='sym' viewBox='0 0 32 32'>
<rect stroke='black' fill='none' x='8' y='8' width='16' height='16'/>
<rect stroke='black' fill='none' x='0' y='0' width='32' height='32'/>
</symbol>
<use href='#sym' x='0' y='0' width='32' height='32'/>
<use href='#sym' x='48' y='0' width='16' height='16'/>
</g>
<g transform='translate(16,352)'>
<marker id='dot' refX='4' refY='4' markerWidth='8' markerHeight='8' viewBox='0 0 8 8' markerUnits='strokeWidth' orient='auto'><circle cx='4' cy='4' r='4'/></marker>
<polyline stroke='black' marker-start='url(#dot)' marker-mid='url(#dot)' marker-end='url(#dot)' points='0,0 16,0 32,0'><title>Polyline with marker dots</title></polyline>
</g>
</svg>
