test-meta/1/coverage-gap

################################################################
TESTS FOUND: 1; SKIPPED: 0; PASSED: 1.

# coven -coalesce _build/test-meta/1/coverage-gap/coverage-gap._.coven
----------------
Coverage Report:

__main__: _build/test-meta/1/coverage-gap/coverage-gap.py:
   1   #!/usr/bin/env python3
   2
   3   def f():
   4 !   return None

__main__: _build/test-meta/1/coverage-gap/coverage-gap.py: 2 traceable; 1 covered; 0 ignored; 0 ignored but covered; 1 not covered.
